Analysis & Synthesis report for ALU
Tue Mar 25 20:26:27 2025
Quartus Prime Version 18.1.0 Build 625 09/12/2018 SJ Lite Edition


---------------------
; Table of Contents ;
---------------------
  1. Legal Notice
  2. Analysis & Synthesis Summary
  3. Analysis & Synthesis Settings
  4. Parallel Compilation
  5. Analysis & Synthesis Source Files Read
  6. Analysis & Synthesis Resource Usage Summary
  7. Analysis & Synthesis Resource Utilization by Entity
  8. General Register Statistics
  9. Multiplexer Restructuring Statistics (Restructuring Performed)
 10. Parameter Settings for User Entity Instance: Top-level Entity: |ALU
 11. Parameter Settings for User Entity Instance: n_bit_adder:adder
 12. Parameter Settings for User Entity Instance: n_bit_substractor:substractor
 13. Parameter Settings for User Entity Instance: n_bit_multiplier:multiplier
 14. Parameter Settings for User Entity Instance: n_bit_multiplier:multiplier|n_bit_adder:loop3[0].adder1
 15. Parameter Settings for User Entity Instance: n_bit_multiplier:multiplier|n_bit_adder:loop3[1].adder1
 16. Parameter Settings for User Entity Instance: n_bit_multiplier:multiplier|n_bit_adder:loop3[2].adder1
 17. Parameter Settings for User Entity Instance: n_bit_and:andd
 18. Parameter Settings for User Entity Instance: seven_seg_decoder:displays
 19. Parameter Settings for Inferred Entity Instance: seven_seg_decoder:displays|lpm_divide:Mod0
 20. Parameter Settings for Inferred Entity Instance: seven_seg_decoder:displays|lpm_divide:Div0
 21. Parameter Settings for Inferred Entity Instance: seven_seg_decoder:displays|lpm_divide:Mod1
 22. Parameter Settings for Inferred Entity Instance: seven_seg_decoder:displays|lpm_divide:Div1
 23. Parameter Settings for Inferred Entity Instance: seven_seg_decoder:displays|lpm_divide:Mod2
 24. Port Connectivity Checks: "n_bit_multiplier:multiplier|n_bit_adder:loop3[2].adder1"
 25. Port Connectivity Checks: "n_bit_multiplier:multiplier|n_bit_adder:loop3[1].adder1"
 26. Port Connectivity Checks: "n_bit_multiplier:multiplier|n_bit_adder:loop3[0].adder1|full_adder:adder[0].u1"
 27. Port Connectivity Checks: "n_bit_multiplier:multiplier|n_bit_adder:loop3[0].adder1"
 28. Port Connectivity Checks: "n_bit_substractor:substractor|full_substractor:substractor[3].u1"
 29. Port Connectivity Checks: "n_bit_substractor:substractor|full_substractor:substractor[0].u1"
 30. Port Connectivity Checks: "n_bit_substractor:substractor"
 31. Port Connectivity Checks: "n_bit_adder:adder|full_adder:adder[0].u1"
 32. Post-Synthesis Netlist Statistics for Top Partition
 33. Elapsed Time Per Partition
 34. Analysis & Synthesis Messages
 35. Analysis & Synthesis Suppressed Messages



----------------
; Legal Notice ;
----------------
Copyright (C) 2018  Intel Corporation. All rights reserved.
Your use of Intel Corporation's design tools, logic functions 
and other software and tools, and its AMPP partner logic 
functions, and any output files from any of the foregoing 
(including device programming or simulation files), and any 
associated documentation or information are expressly subject 
to the terms and conditions of the Intel Program License 
Subscription Agreement, the Intel Quartus Prime License Agreement,
the Intel FPGA IP License Agreement, or other applicable license
agreement, including, without limitation, that your use is for
the sole purpose of programming logic devices manufactured by
Intel and sold by Intel or its authorized distributors.  Please
refer to the applicable agreement for further details.



+-------------------------------------------------------------------------------+
; Analysis & Synthesis Summary                                                  ;
+---------------------------------+---------------------------------------------+
; Analysis & Synthesis Status     ; Successful - Tue Mar 25 20:26:27 2025       ;
; Quartus Prime Version           ; 18.1.0 Build 625 09/12/2018 SJ Lite Edition ;
; Revision Name                   ; ALU                                         ;
; Top-level Entity Name           ; ALU                                         ;
; Family                          ; Cyclone V                                   ;
; Logic utilization (in ALMs)     ; N/A                                         ;
; Total registers                 ; 17                                          ;
; Total pins                      ; 38                                          ;
; Total virtual pins              ; 0                                           ;
; Total block memory bits         ; 0                                           ;
; Total DSP Blocks                ; 0                                           ;
; Total HSSI RX PCSs              ; 0                                           ;
; Total HSSI PMA RX Deserializers ; 0                                           ;
; Total HSSI TX PCSs              ; 0                                           ;
; Total HSSI PMA TX Serializers   ; 0                                           ;
; Total PLLs                      ; 0                                           ;
; Total DLLs                      ; 0                                           ;
+---------------------------------+---------------------------------------------+


+---------------------------------------------------------------------------------------------------------------------------+
; Analysis & Synthesis Settings                                                                                             ;
+---------------------------------------------------------------------------------+--------------------+--------------------+
; Option                                                                          ; Setting            ; Default Value      ;
+---------------------------------------------------------------------------------+--------------------+--------------------+
; Device                                                                          ; 5CSXFC6D6F31C6     ;                    ;
; Top-level entity name                                                           ; ALU                ; ALU                ;
; Family name                                                                     ; Cyclone V          ; Cyclone V          ;
; Use smart compilation                                                           ; Off                ; Off                ;
; Enable parallel Assembler and Timing Analyzer during compilation                ; On                 ; On                 ;
; Enable compact report table                                                     ; Off                ; Off                ;
; Restructure Multiplexers                                                        ; Auto               ; Auto               ;
; MLAB Add Timing Constraints For Mixed-Port Feed-Through Mode Setting Don't Care ; Off                ; Off                ;
; Create Debugging Nodes for IP Cores                                             ; Off                ; Off                ;
; Preserve fewer node names                                                       ; On                 ; On                 ;
; Intel FPGA IP Evaluation Mode                                                   ; Enable             ; Enable             ;
; Verilog Version                                                                 ; Verilog_2001       ; Verilog_2001       ;
; VHDL Version                                                                    ; VHDL_1993          ; VHDL_1993          ;
; State Machine Processing                                                        ; Auto               ; Auto               ;
; Safe State Machine                                                              ; Off                ; Off                ;
; Extract Verilog State Machines                                                  ; On                 ; On                 ;
; Extract VHDL State Machines                                                     ; On                 ; On                 ;
; Ignore Verilog initial constructs                                               ; Off                ; Off                ;
; Iteration limit for constant Verilog loops                                      ; 5000               ; 5000               ;
; Iteration limit for non-constant Verilog loops                                  ; 250                ; 250                ;
; Add Pass-Through Logic to Inferred RAMs                                         ; On                 ; On                 ;
; Infer RAMs from Raw Logic                                                       ; On                 ; On                 ;
; Parallel Synthesis                                                              ; On                 ; On                 ;
; DSP Block Balancing                                                             ; Auto               ; Auto               ;
; NOT Gate Push-Back                                                              ; On                 ; On                 ;
; Power-Up Don't Care                                                             ; On                 ; On                 ;
; Remove Redundant Logic Cells                                                    ; Off                ; Off                ;
; Remove Duplicate Registers                                                      ; On                 ; On                 ;
; Ignore CARRY Buffers                                                            ; Off                ; Off                ;
; Ignore CASCADE Buffers                                                          ; Off                ; Off                ;
; Ignore GLOBAL Buffers                                                           ; Off                ; Off                ;
; Ignore ROW GLOBAL Buffers                                                       ; Off                ; Off                ;
; Ignore LCELL Buffers                                                            ; Off                ; Off                ;
; Ignore SOFT Buffers                                                             ; On                 ; On                 ;
; Limit AHDL Integers to 32 Bits                                                  ; Off                ; Off                ;
; Optimization Technique                                                          ; Balanced           ; Balanced           ;
; Carry Chain Length                                                              ; 70                 ; 70                 ;
; Auto Carry Chains                                                               ; On                 ; On                 ;
; Auto Open-Drain Pins                                                            ; On                 ; On                 ;
; Perform WYSIWYG Primitive Resynthesis                                           ; Off                ; Off                ;
; Auto ROM Replacement                                                            ; On                 ; On                 ;
; Auto RAM Replacement                                                            ; On                 ; On                 ;
; Auto DSP Block Replacement                                                      ; On                 ; On                 ;
; Auto Shift Register Replacement                                                 ; Auto               ; Auto               ;
; Allow Shift Register Merging across Hierarchies                                 ; Auto               ; Auto               ;
; Auto Clock Enable Replacement                                                   ; On                 ; On                 ;
; Strict RAM Replacement                                                          ; Off                ; Off                ;
; Allow Synchronous Control Signals                                               ; On                 ; On                 ;
; Force Use of Synchronous Clear Signals                                          ; Off                ; Off                ;
; Auto Resource Sharing                                                           ; Off                ; Off                ;
; Allow Any RAM Size For Recognition                                              ; Off                ; Off                ;
; Allow Any ROM Size For Recognition                                              ; Off                ; Off                ;
; Allow Any Shift Register Size For Recognition                                   ; Off                ; Off                ;
; Use LogicLock Constraints during Resource Balancing                             ; On                 ; On                 ;
; Ignore translate_off and synthesis_off directives                               ; Off                ; Off                ;
; Timing-Driven Synthesis                                                         ; On                 ; On                 ;
; Report Parameter Settings                                                       ; On                 ; On                 ;
; Report Source Assignments                                                       ; On                 ; On                 ;
; Report Connectivity Checks                                                      ; On                 ; On                 ;
; Ignore Maximum Fan-Out Assignments                                              ; Off                ; Off                ;
; Synchronization Register Chain Length                                           ; 3                  ; 3                  ;
; Power Optimization During Synthesis                                             ; Normal compilation ; Normal compilation ;
; HDL message level                                                               ; Level2             ; Level2             ;
; Suppress Register Optimization Related Messages                                 ; Off                ; Off                ;
; Number of Removed Registers Reported in Synthesis Report                        ; 5000               ; 5000               ;
; Number of Swept Nodes Reported in Synthesis Report                              ; 5000               ; 5000               ;
; Number of Inverted Registers Reported in Synthesis Report                       ; 100                ; 100                ;
; Clock MUX Protection                                                            ; On                 ; On                 ;
; Auto Gated Clock Conversion                                                     ; Off                ; Off                ;
; Block Design Naming                                                             ; Auto               ; Auto               ;
; SDC constraint protection                                                       ; Off                ; Off                ;
; Synthesis Effort                                                                ; Auto               ; Auto               ;
; Shift Register Replacement - Allow Asynchronous Clear Signal                    ; On                 ; On                 ;
; Pre-Mapping Resynthesis Optimization                                            ; Off                ; Off                ;
; Analysis & Synthesis Message Level                                              ; Medium             ; Medium             ;
; Disable Register Merging Across Hierarchies                                     ; Auto               ; Auto               ;
; Resource Aware Inference For Block RAM                                          ; On                 ; On                 ;
; Automatic Parallel Synthesis                                                    ; On                 ; On                 ;
; Partial Reconfiguration Bitstream ID                                            ; Off                ; Off                ;
+---------------------------------------------------------------------------------+--------------------+--------------------+


+------------------------------------------+
; Parallel Compilation                     ;
+----------------------------+-------------+
; Processors                 ; Number      ;
+----------------------------+-------------+
; Number detected on machine ; 8           ;
; Maximum allowed            ; 4           ;
;                            ;             ;
; Average used               ; 1.00        ;
; Maximum used               ; 4           ;
;                            ;             ;
; Usage by Processor         ; % Time Used ;
;     Processor 1            ; 100.0%      ;
;     Processors 2-4         ;   0.0%      ;
+----------------------------+-------------+


+--------------------------------------------------------------------------------------------------------------------------------------------------------------------------------------------------------------+
; Analysis & Synthesis Source Files Read                                                                                                                                                                       ;
+----------------------------------+-----------------+------------------------------+----------------------------------------------------------------------------------------------------------------+---------+
; File Name with User-Entered Path ; Used in Netlist ; File Type                    ; File Name with Absolute Path                                                                                   ; Library ;
+----------------------------------+-----------------+------------------------------+----------------------------------------------------------------------------------------------------------------+---------+
; full_adder.sv                    ; yes             ; User SystemVerilog HDL File  ; C:/Users/eboli/Documents/Github/ejbm10_Striker2785_danyazunigab_digital_design_lab_2025/full_adder.sv          ;         ;
; full_substractor.sv              ; yes             ; User SystemVerilog HDL File  ; C:/Users/eboli/Documents/Github/ejbm10_Striker2785_danyazunigab_digital_design_lab_2025/full_substractor.sv    ;         ;
; n_bit_adder.sv                   ; yes             ; User SystemVerilog HDL File  ; C:/Users/eboli/Documents/Github/ejbm10_Striker2785_danyazunigab_digital_design_lab_2025/n_bit_adder.sv         ;         ;
; n_bit_substractor.sv             ; yes             ; User SystemVerilog HDL File  ; C:/Users/eboli/Documents/Github/ejbm10_Striker2785_danyazunigab_digital_design_lab_2025/n_bit_substractor.sv   ;         ;
; ALU.sv                           ; yes             ; User SystemVerilog HDL File  ; C:/Users/eboli/Documents/Github/ejbm10_Striker2785_danyazunigab_digital_design_lab_2025/ALU.sv                 ;         ;
; seven_seg_decoder.sv             ; yes             ; User SystemVerilog HDL File  ; C:/Users/eboli/Documents/Github/ejbm10_Striker2785_danyazunigab_digital_design_lab_2025/seven_seg_decoder.sv   ;         ;
; n_bit_and.sv                     ; yes             ; User SystemVerilog HDL File  ; C:/Users/eboli/Documents/Github/ejbm10_Striker2785_danyazunigab_digital_design_lab_2025/n_bit_and.sv           ;         ;
; n_bit_multiplier.sv              ; yes             ; User SystemVerilog HDL File  ; C:/Users/eboli/Documents/Github/ejbm10_Striker2785_danyazunigab_digital_design_lab_2025/n_bit_multiplier.sv    ;         ;
; lpm_divide.tdf                   ; yes             ; Megafunction                 ; c:/intelfpga_lite/18.1/quartus/libraries/megafunctions/lpm_divide.tdf                                          ;         ;
; abs_divider.inc                  ; yes             ; Megafunction                 ; c:/intelfpga_lite/18.1/quartus/libraries/megafunctions/abs_divider.inc                                         ;         ;
; sign_div_unsign.inc              ; yes             ; Megafunction                 ; c:/intelfpga_lite/18.1/quartus/libraries/megafunctions/sign_div_unsign.inc                                     ;         ;
; aglobal181.inc                   ; yes             ; Megafunction                 ; c:/intelfpga_lite/18.1/quartus/libraries/megafunctions/aglobal181.inc                                          ;         ;
; db/lpm_divide_2go.tdf            ; yes             ; Auto-Generated Megafunction  ; C:/Users/eboli/Documents/Github/ejbm10_Striker2785_danyazunigab_digital_design_lab_2025/db/lpm_divide_2go.tdf  ;         ;
; db/abs_divider_8ag.tdf           ; yes             ; Auto-Generated Megafunction  ; C:/Users/eboli/Documents/Github/ejbm10_Striker2785_danyazunigab_digital_design_lab_2025/db/abs_divider_8ag.tdf ;         ;
; db/alt_u_div_0te.tdf             ; yes             ; Auto-Generated Megafunction  ; C:/Users/eboli/Documents/Github/ejbm10_Striker2785_danyazunigab_digital_design_lab_2025/db/alt_u_div_0te.tdf   ;         ;
; db/lpm_abs_kn9.tdf               ; yes             ; Auto-Generated Megafunction  ; C:/Users/eboli/Documents/Github/ejbm10_Striker2785_danyazunigab_digital_design_lab_2025/db/lpm_abs_kn9.tdf     ;         ;
; db/lpm_abs_on9.tdf               ; yes             ; Auto-Generated Megafunction  ; C:/Users/eboli/Documents/Github/ejbm10_Striker2785_danyazunigab_digital_design_lab_2025/db/lpm_abs_on9.tdf     ;         ;
; db/lpm_divide_vno.tdf            ; yes             ; Auto-Generated Megafunction  ; C:/Users/eboli/Documents/Github/ejbm10_Striker2785_danyazunigab_digital_design_lab_2025/db/lpm_divide_vno.tdf  ;         ;
+----------------------------------+-----------------+------------------------------+----------------------------------------------------------------------------------------------------------------+---------+


+-----------------------------------------------------------------------------------------------------------------------------------------------------------------------------+
; Analysis & Synthesis Resource Usage Summary                                                                                                                                 ;
+---------------------------------------------+-------------------------------------------------------------------------------------------------------------------------------+
; Resource                                    ; Usage                                                                                                                         ;
+---------------------------------------------+-------------------------------------------------------------------------------------------------------------------------------+
; Estimate of Logic utilization (ALMs needed) ; 191                                                                                                                           ;
;                                             ;                                                                                                                               ;
; Combinational ALUT usage for logic          ; 361                                                                                                                           ;
;     -- 7 input functions                    ; 2                                                                                                                             ;
;     -- 6 input functions                    ; 17                                                                                                                            ;
;     -- 5 input functions                    ; 23                                                                                                                            ;
;     -- 4 input functions                    ; 59                                                                                                                            ;
;     -- <=3 input functions                  ; 260                                                                                                                           ;
;                                             ;                                                                                                                               ;
; Dedicated logic registers                   ; 17                                                                                                                            ;
;                                             ;                                                                                                                               ;
; I/O pins                                    ; 38                                                                                                                            ;
;                                             ;                                                                                                                               ;
; Total DSP Blocks                            ; 0                                                                                                                             ;
;                                             ;                                                                                                                               ;
; Maximum fan-out node                        ; seven_seg_decoder:displays|lpm_divide:Div0|lpm_divide_vno:auto_generated|abs_divider_8ag:divider|alt_u_div_0te:divider|op_7~1 ;
; Maximum fan-out                             ; 17                                                                                                                            ;
; Total fan-out                               ; 1231                                                                                                                          ;
; Average fan-out                             ; 2.71                                                                                                                          ;
+---------------------------------------------+-------------------------------------------------------------------------------------------------------------------------------+


+----------------------------------------------------------------------------------------------------------------------------------------------------------------------------------------------------------------------------------------------------------------------------------------------------------------------+
; Analysis & Synthesis Resource Utilization by Entity                                                                                                                                                                                                                                                                  ;
+--------------------------------------------+---------------------+---------------------------+-------------------+------------+------+--------------+-----------------------------------------------------------------------------------------------------------------------------+-------------------+--------------+
; Compilation Hierarchy Node                 ; Combinational ALUTs ; Dedicated Logic Registers ; Block Memory Bits ; DSP Blocks ; Pins ; Virtual Pins ; Full Hierarchy Name                                                                                                         ; Entity Name       ; Library Name ;
+--------------------------------------------+---------------------+---------------------------+-------------------+------------+------+--------------+-----------------------------------------------------------------------------------------------------------------------------+-------------------+--------------+
; |ALU                                       ; 361 (28)            ; 17 (17)                   ; 0                 ; 0          ; 38   ; 0            ; |ALU                                                                                                                        ; ALU               ; work         ;
;    |n_bit_adder:adder|                     ; 2 (0)               ; 0 (0)                     ; 0                 ; 0          ; 0    ; 0            ; |ALU|n_bit_adder:adder                                                                                                      ; n_bit_adder       ; work         ;
;       |full_adder:adder[1].u1|             ; 1 (1)               ; 0 (0)                     ; 0                 ; 0          ; 0    ; 0            ; |ALU|n_bit_adder:adder|full_adder:adder[1].u1                                                                               ; full_adder        ; work         ;
;       |full_adder:adder[3].u1|             ; 1 (1)               ; 0 (0)                     ; 0                 ; 0          ; 0    ; 0            ; |ALU|n_bit_adder:adder|full_adder:adder[3].u1                                                                               ; full_adder        ; work         ;
;    |n_bit_multiplier:multiplier|           ; 16 (2)              ; 0 (0)                     ; 0                 ; 0          ; 0    ; 0            ; |ALU|n_bit_multiplier:multiplier                                                                                            ; n_bit_multiplier  ; work         ;
;       |n_bit_adder:loop3[0].adder1|        ; 4 (0)               ; 0 (0)                     ; 0                 ; 0          ; 0    ; 0            ; |ALU|n_bit_multiplier:multiplier|n_bit_adder:loop3[0].adder1                                                                ; n_bit_adder       ; work         ;
;          |full_adder:adder[2].u1|          ; 1 (1)               ; 0 (0)                     ; 0                 ; 0          ; 0    ; 0            ; |ALU|n_bit_multiplier:multiplier|n_bit_adder:loop3[0].adder1|full_adder:adder[2].u1                                         ; full_adder        ; work         ;
;          |full_adder:adder[3].u1|          ; 1 (1)               ; 0 (0)                     ; 0                 ; 0          ; 0    ; 0            ; |ALU|n_bit_multiplier:multiplier|n_bit_adder:loop3[0].adder1|full_adder:adder[3].u1                                         ; full_adder        ; work         ;
;          |full_adder:adder[4].u1|          ; 2 (2)               ; 0 (0)                     ; 0                 ; 0          ; 0    ; 0            ; |ALU|n_bit_multiplier:multiplier|n_bit_adder:loop3[0].adder1|full_adder:adder[4].u1                                         ; full_adder        ; work         ;
;       |n_bit_adder:loop3[1].adder1|        ; 6 (0)               ; 0 (0)                     ; 0                 ; 0          ; 0    ; 0            ; |ALU|n_bit_multiplier:multiplier|n_bit_adder:loop3[1].adder1                                                                ; n_bit_adder       ; work         ;
;          |full_adder:adder[2].u1|          ; 2 (2)               ; 0 (0)                     ; 0                 ; 0          ; 0    ; 0            ; |ALU|n_bit_multiplier:multiplier|n_bit_adder:loop3[1].adder1|full_adder:adder[2].u1                                         ; full_adder        ; work         ;
;          |full_adder:adder[4].u1|          ; 2 (2)               ; 0 (0)                     ; 0                 ; 0          ; 0    ; 0            ; |ALU|n_bit_multiplier:multiplier|n_bit_adder:loop3[1].adder1|full_adder:adder[4].u1                                         ; full_adder        ; work         ;
;          |full_adder:adder[5].u1|          ; 2 (2)               ; 0 (0)                     ; 0                 ; 0          ; 0    ; 0            ; |ALU|n_bit_multiplier:multiplier|n_bit_adder:loop3[1].adder1|full_adder:adder[5].u1                                         ; full_adder        ; work         ;
;       |n_bit_adder:loop3[2].adder1|        ; 4 (0)               ; 0 (0)                     ; 0                 ; 0          ; 0    ; 0            ; |ALU|n_bit_multiplier:multiplier|n_bit_adder:loop3[2].adder1                                                                ; n_bit_adder       ; work         ;
;          |full_adder:adder[3].u1|          ; 2 (2)               ; 0 (0)                     ; 0                 ; 0          ; 0    ; 0            ; |ALU|n_bit_multiplier:multiplier|n_bit_adder:loop3[2].adder1|full_adder:adder[3].u1                                         ; full_adder        ; work         ;
;          |full_adder:adder[5].u1|          ; 2 (2)               ; 0 (0)                     ; 0                 ; 0          ; 0    ; 0            ; |ALU|n_bit_multiplier:multiplier|n_bit_adder:loop3[2].adder1|full_adder:adder[5].u1                                         ; full_adder        ; work         ;
;    |n_bit_substractor:substractor|         ; 2 (0)               ; 0 (0)                     ; 0                 ; 0          ; 0    ; 0            ; |ALU|n_bit_substractor:substractor                                                                                          ; n_bit_substractor ; work         ;
;       |full_substractor:substractor[1].u1| ; 1 (1)               ; 0 (0)                     ; 0                 ; 0          ; 0    ; 0            ; |ALU|n_bit_substractor:substractor|full_substractor:substractor[1].u1                                                       ; full_substractor  ; work         ;
;       |full_substractor:substractor[3].u1| ; 1 (1)               ; 0 (0)                     ; 0                 ; 0          ; 0    ; 0            ; |ALU|n_bit_substractor:substractor|full_substractor:substractor[3].u1                                                       ; full_substractor  ; work         ;
;    |seven_seg_decoder:displays|            ; 313 (21)            ; 0 (0)                     ; 0                 ; 0          ; 0    ; 0            ; |ALU|seven_seg_decoder:displays                                                                                             ; seven_seg_decoder ; work         ;
;       |lpm_divide:Div0|                    ; 68 (0)              ; 0 (0)                     ; 0                 ; 0          ; 0    ; 0            ; |ALU|seven_seg_decoder:displays|lpm_divide:Div0                                                                             ; lpm_divide        ; work         ;
;          |lpm_divide_vno:auto_generated|   ; 68 (0)              ; 0 (0)                     ; 0                 ; 0          ; 0    ; 0            ; |ALU|seven_seg_decoder:displays|lpm_divide:Div0|lpm_divide_vno:auto_generated                                               ; lpm_divide_vno    ; work         ;
;             |abs_divider_8ag:divider|      ; 68 (0)              ; 0 (0)                     ; 0                 ; 0          ; 0    ; 0            ; |ALU|seven_seg_decoder:displays|lpm_divide:Div0|lpm_divide_vno:auto_generated|abs_divider_8ag:divider                       ; abs_divider_8ag   ; work         ;
;                |alt_u_div_0te:divider|     ; 68 (68)             ; 0 (0)                     ; 0                 ; 0          ; 0    ; 0            ; |ALU|seven_seg_decoder:displays|lpm_divide:Div0|lpm_divide_vno:auto_generated|abs_divider_8ag:divider|alt_u_div_0te:divider ; alt_u_div_0te     ; work         ;
;       |lpm_divide:Div1|                    ; 52 (0)              ; 0 (0)                     ; 0                 ; 0          ; 0    ; 0            ; |ALU|seven_seg_decoder:displays|lpm_divide:Div1                                                                             ; lpm_divide        ; work         ;
;          |lpm_divide_vno:auto_generated|   ; 52 (0)              ; 0 (0)                     ; 0                 ; 0          ; 0    ; 0            ; |ALU|seven_seg_decoder:displays|lpm_divide:Div1|lpm_divide_vno:auto_generated                                               ; lpm_divide_vno    ; work         ;
;             |abs_divider_8ag:divider|      ; 52 (0)              ; 0 (0)                     ; 0                 ; 0          ; 0    ; 0            ; |ALU|seven_seg_decoder:displays|lpm_divide:Div1|lpm_divide_vno:auto_generated|abs_divider_8ag:divider                       ; abs_divider_8ag   ; work         ;
;                |alt_u_div_0te:divider|     ; 52 (52)             ; 0 (0)                     ; 0                 ; 0          ; 0    ; 0            ; |ALU|seven_seg_decoder:displays|lpm_divide:Div1|lpm_divide_vno:auto_generated|abs_divider_8ag:divider|alt_u_div_0te:divider ; alt_u_div_0te     ; work         ;
;       |lpm_divide:Mod0|                    ; 72 (0)              ; 0 (0)                     ; 0                 ; 0          ; 0    ; 0            ; |ALU|seven_seg_decoder:displays|lpm_divide:Mod0                                                                             ; lpm_divide        ; work         ;
;          |lpm_divide_2go:auto_generated|   ; 72 (0)              ; 0 (0)                     ; 0                 ; 0          ; 0    ; 0            ; |ALU|seven_seg_decoder:displays|lpm_divide:Mod0|lpm_divide_2go:auto_generated                                               ; lpm_divide_2go    ; work         ;
;             |abs_divider_8ag:divider|      ; 72 (0)              ; 0 (0)                     ; 0                 ; 0          ; 0    ; 0            ; |ALU|seven_seg_decoder:displays|lpm_divide:Mod0|lpm_divide_2go:auto_generated|abs_divider_8ag:divider                       ; abs_divider_8ag   ; work         ;
;                |alt_u_div_0te:divider|     ; 72 (72)             ; 0 (0)                     ; 0                 ; 0          ; 0    ; 0            ; |ALU|seven_seg_decoder:displays|lpm_divide:Mod0|lpm_divide_2go:auto_generated|abs_divider_8ag:divider|alt_u_div_0te:divider ; alt_u_div_0te     ; work         ;
;       |lpm_divide:Mod1|                    ; 56 (0)              ; 0 (0)                     ; 0                 ; 0          ; 0    ; 0            ; |ALU|seven_seg_decoder:displays|lpm_divide:Mod1                                                                             ; lpm_divide        ; work         ;
;          |lpm_divide_2go:auto_generated|   ; 56 (0)              ; 0 (0)                     ; 0                 ; 0          ; 0    ; 0            ; |ALU|seven_seg_decoder:displays|lpm_divide:Mod1|lpm_divide_2go:auto_generated                                               ; lpm_divide_2go    ; work         ;
;             |abs_divider_8ag:divider|      ; 56 (0)              ; 0 (0)                     ; 0                 ; 0          ; 0    ; 0            ; |ALU|seven_seg_decoder:displays|lpm_divide:Mod1|lpm_divide_2go:auto_generated|abs_divider_8ag:divider                       ; abs_divider_8ag   ; work         ;
;                |alt_u_div_0te:divider|     ; 56 (56)             ; 0 (0)                     ; 0                 ; 0          ; 0    ; 0            ; |ALU|seven_seg_decoder:displays|lpm_divide:Mod1|lpm_divide_2go:auto_generated|abs_divider_8ag:divider|alt_u_div_0te:divider ; alt_u_div_0te     ; work         ;
;       |lpm_divide:Mod2|                    ; 44 (0)              ; 0 (0)                     ; 0                 ; 0          ; 0    ; 0            ; |ALU|seven_seg_decoder:displays|lpm_divide:Mod2                                                                             ; lpm_divide        ; work         ;
;          |lpm_divide_2go:auto_generated|   ; 44 (0)              ; 0 (0)                     ; 0                 ; 0          ; 0    ; 0            ; |ALU|seven_seg_decoder:displays|lpm_divide:Mod2|lpm_divide_2go:auto_generated                                               ; lpm_divide_2go    ; work         ;
;             |abs_divider_8ag:divider|      ; 44 (0)              ; 0 (0)                     ; 0                 ; 0          ; 0    ; 0            ; |ALU|seven_seg_decoder:displays|lpm_divide:Mod2|lpm_divide_2go:auto_generated|abs_divider_8ag:divider                       ; abs_divider_8ag   ; work         ;
;                |alt_u_div_0te:divider|     ; 44 (44)             ; 0 (0)                     ; 0                 ; 0          ; 0    ; 0            ; |ALU|seven_seg_decoder:displays|lpm_divide:Mod2|lpm_divide_2go:auto_generated|abs_divider_8ag:divider|alt_u_div_0te:divider ; alt_u_div_0te     ; work         ;
+--------------------------------------------+---------------------+---------------------------+-------------------+------------+------+--------------+-----------------------------------------------------------------------------------------------------------------------------+-------------------+--------------+
Note: For table entries with two numbers listed, the numbers in parentheses indicate the number of resources of the given type used by the specific entity alone. The numbers listed outside of parentheses indicate the total resources of the given type used by the specific entity and all of its sub-entities in the hierarchy.


+------------------------------------------------------+
; General Register Statistics                          ;
+----------------------------------------------+-------+
; Statistic                                    ; Value ;
+----------------------------------------------+-------+
; Total registers                              ; 17    ;
; Number of registers using Synchronous Clear  ; 0     ;
; Number of registers using Synchronous Load   ; 0     ;
; Number of registers using Asynchronous Clear ; 9     ;
; Number of registers using Asynchronous Load  ; 0     ;
; Number of registers using Clock Enable       ; 16    ;
; Number of registers using Preset             ; 0     ;
+----------------------------------------------+-------+


+------------------------------------------------------------------------------------------------------------------------------------------+
; Multiplexer Restructuring Statistics (Restructuring Performed)                                                                           ;
+--------------------+-----------+---------------+----------------------+------------------------+------------+----------------------------+
; Multiplexer Inputs ; Bus Width ; Baseline Area ; Area if Restructured ; Saving if Restructured ; Registered ; Example Multiplexer Output ;
+--------------------+-----------+---------------+----------------------+------------------------+------------+----------------------------+
; 17:1               ; 3 bits    ; 33 LEs        ; 15 LEs               ; 18 LEs                 ; Yes        ; |ALU|current_number[7]     ;
+--------------------+-----------+---------------+----------------------+------------------------+------------+----------------------------+


+---------------------------------------------------------------------+
; Parameter Settings for User Entity Instance: Top-level Entity: |ALU ;
+----------------+-------+--------------------------------------------+
; Parameter Name ; Value ; Type                                       ;
+----------------+-------+--------------------------------------------+
; N              ; 4     ; Signed Integer                             ;
+----------------+-------+--------------------------------------------+
Note: In order to hide this table in the UI and the text report file, please set the "Show Parameter Settings in Synthesis Report" option in "Analysis and Synthesis Settings -> More Settings" to "Off".


+----------------------------------------------------------------+
; Parameter Settings for User Entity Instance: n_bit_adder:adder ;
+----------------+-------+---------------------------------------+
; Parameter Name ; Value ; Type                                  ;
+----------------+-------+---------------------------------------+
; N              ; 4     ; Signed Integer                        ;
+----------------+-------+---------------------------------------+
Note: In order to hide this table in the UI and the text report file, please set the "Show Parameter Settings in Synthesis Report" option in "Analysis and Synthesis Settings -> More Settings" to "Off".


+----------------------------------------------------------------------------+
; Parameter Settings for User Entity Instance: n_bit_substractor:substractor ;
+----------------+-------+---------------------------------------------------+
; Parameter Name ; Value ; Type                                              ;
+----------------+-------+---------------------------------------------------+
; N              ; 4     ; Signed Integer                                    ;
+----------------+-------+---------------------------------------------------+
Note: In order to hide this table in the UI and the text report file, please set the "Show Parameter Settings in Synthesis Report" option in "Analysis and Synthesis Settings -> More Settings" to "Off".


+--------------------------------------------------------------------------+
; Parameter Settings for User Entity Instance: n_bit_multiplier:multiplier ;
+----------------+-------+-------------------------------------------------+
; Parameter Name ; Value ; Type                                            ;
+----------------+-------+-------------------------------------------------+
; N              ; 4     ; Signed Integer                                  ;
+----------------+-------+-------------------------------------------------+
Note: In order to hide this table in the UI and the text report file, please set the "Show Parameter Settings in Synthesis Report" option in "Analysis and Synthesis Settings -> More Settings" to "Off".


+------------------------------------------------------------------------------------------------------+
; Parameter Settings for User Entity Instance: n_bit_multiplier:multiplier|n_bit_adder:loop3[0].adder1 ;
+----------------+-------+-----------------------------------------------------------------------------+
; Parameter Name ; Value ; Type                                                                        ;
+----------------+-------+-----------------------------------------------------------------------------+
; N              ; 7     ; Signed Integer                                                              ;
+----------------+-------+-----------------------------------------------------------------------------+
Note: In order to hide this table in the UI and the text report file, please set the "Show Parameter Settings in Synthesis Report" option in "Analysis and Synthesis Settings -> More Settings" to "Off".


+------------------------------------------------------------------------------------------------------+
; Parameter Settings for User Entity Instance: n_bit_multiplier:multiplier|n_bit_adder:loop3[1].adder1 ;
+----------------+-------+-----------------------------------------------------------------------------+
; Parameter Name ; Value ; Type                                                                        ;
+----------------+-------+-----------------------------------------------------------------------------+
; N              ; 7     ; Signed Integer                                                              ;
+----------------+-------+-----------------------------------------------------------------------------+
Note: In order to hide this table in the UI and the text report file, please set the "Show Parameter Settings in Synthesis Report" option in "Analysis and Synthesis Settings -> More Settings" to "Off".


+------------------------------------------------------------------------------------------------------+
; Parameter Settings for User Entity Instance: n_bit_multiplier:multiplier|n_bit_adder:loop3[2].adder1 ;
+----------------+-------+-----------------------------------------------------------------------------+
; Parameter Name ; Value ; Type                                                                        ;
+----------------+-------+-----------------------------------------------------------------------------+
; N              ; 7     ; Signed Integer                                                              ;
+----------------+-------+-----------------------------------------------------------------------------+
Note: In order to hide this table in the UI and the text report file, please set the "Show Parameter Settings in Synthesis Report" option in "Analysis and Synthesis Settings -> More Settings" to "Off".


+-------------------------------------------------------------+
; Parameter Settings for User Entity Instance: n_bit_and:andd ;
+----------------+-------+------------------------------------+
; Parameter Name ; Value ; Type                               ;
+----------------+-------+------------------------------------+
; N              ; 4     ; Signed Integer                     ;
+----------------+-------+------------------------------------+
Note: In order to hide this table in the UI and the text report file, please set the "Show Parameter Settings in Synthesis Report" option in "Analysis and Synthesis Settings -> More Settings" to "Off".


+-------------------------------------------------------------------------+
; Parameter Settings for User Entity Instance: seven_seg_decoder:displays ;
+----------------+-------+------------------------------------------------+
; Parameter Name ; Value ; Type                                           ;
+----------------+-------+------------------------------------------------+
; N              ; 4     ; Signed Integer                                 ;
+----------------+-------+------------------------------------------------+
Note: In order to hide this table in the UI and the text report file, please set the "Show Parameter Settings in Synthesis Report" option in "Analysis and Synthesis Settings -> More Settings" to "Off".


+---------------------------------------------------------------------------------------------+
; Parameter Settings for Inferred Entity Instance: seven_seg_decoder:displays|lpm_divide:Mod0 ;
+------------------------+----------------+---------------------------------------------------+
; Parameter Name         ; Value          ; Type                                              ;
+------------------------+----------------+---------------------------------------------------+
; LPM_WIDTHN             ; 9              ; Untyped                                           ;
; LPM_WIDTHD             ; 5              ; Untyped                                           ;
; LPM_NREPRESENTATION    ; SIGNED         ; Untyped                                           ;
; LPM_DREPRESENTATION    ; SIGNED         ; Untyped                                           ;
; LPM_PIPELINE           ; 0              ; Untyped                                           ;
; LPM_REMAINDERPOSITIVE  ; FALSE          ; Untyped                                           ;
; MAXIMIZE_SPEED         ; 5              ; Untyped                                           ;
; CBXI_PARAMETER         ; lpm_divide_2go ; Untyped                                           ;
; CARRY_CHAIN            ; MANUAL         ; Untyped                                           ;
; OPTIMIZE_FOR_SPEED     ; 5              ; Untyped                                           ;
; AUTO_CARRY_CHAINS      ; ON             ; AUTO_CARRY                                        ;
; IGNORE_CARRY_BUFFERS   ; OFF            ; IGNORE_CARRY                                      ;
; AUTO_CASCADE_CHAINS    ; ON             ; AUTO_CASCADE                                      ;
; IGNORE_CASCADE_BUFFERS ; OFF            ; IGNORE_CASCADE                                    ;
+------------------------+----------------+---------------------------------------------------+
Note: In order to hide this table in the UI and the text report file, please set the "Show Parameter Settings in Synthesis Report" option in "Analysis and Synthesis Settings -> More Settings" to "Off".


+---------------------------------------------------------------------------------------------+
; Parameter Settings for Inferred Entity Instance: seven_seg_decoder:displays|lpm_divide:Div0 ;
+------------------------+----------------+---------------------------------------------------+
; Parameter Name         ; Value          ; Type                                              ;
+------------------------+----------------+---------------------------------------------------+
; LPM_WIDTHN             ; 9              ; Untyped                                           ;
; LPM_WIDTHD             ; 5              ; Untyped                                           ;
; LPM_NREPRESENTATION    ; SIGNED         ; Untyped                                           ;
; LPM_DREPRESENTATION    ; SIGNED         ; Untyped                                           ;
; LPM_PIPELINE           ; 0              ; Untyped                                           ;
; LPM_REMAINDERPOSITIVE  ; FALSE          ; Untyped                                           ;
; MAXIMIZE_SPEED         ; 5              ; Untyped                                           ;
; CBXI_PARAMETER         ; lpm_divide_vno ; Untyped                                           ;
; CARRY_CHAIN            ; MANUAL         ; Untyped                                           ;
; OPTIMIZE_FOR_SPEED     ; 5              ; Untyped                                           ;
; AUTO_CARRY_CHAINS      ; ON             ; AUTO_CARRY                                        ;
; IGNORE_CARRY_BUFFERS   ; OFF            ; IGNORE_CARRY                                      ;
; AUTO_CASCADE_CHAINS    ; ON             ; AUTO_CASCADE                                      ;
; IGNORE_CASCADE_BUFFERS ; OFF            ; IGNORE_CASCADE                                    ;
+------------------------+----------------+---------------------------------------------------+
Note: In order to hide this table in the UI and the text report file, please set the "Show Parameter Settings in Synthesis Report" option in "Analysis and Synthesis Settings -> More Settings" to "Off".


+---------------------------------------------------------------------------------------------+
; Parameter Settings for Inferred Entity Instance: seven_seg_decoder:displays|lpm_divide:Mod1 ;
+------------------------+----------------+---------------------------------------------------+
; Parameter Name         ; Value          ; Type                                              ;
+------------------------+----------------+---------------------------------------------------+
; LPM_WIDTHN             ; 9              ; Untyped                                           ;
; LPM_WIDTHD             ; 5              ; Untyped                                           ;
; LPM_NREPRESENTATION    ; SIGNED         ; Untyped                                           ;
; LPM_DREPRESENTATION    ; SIGNED         ; Untyped                                           ;
; LPM_PIPELINE           ; 0              ; Untyped                                           ;
; LPM_REMAINDERPOSITIVE  ; FALSE          ; Untyped                                           ;
; MAXIMIZE_SPEED         ; 5              ; Untyped                                           ;
; CBXI_PARAMETER         ; lpm_divide_2go ; Untyped                                           ;
; CARRY_CHAIN            ; MANUAL         ; Untyped                                           ;
; OPTIMIZE_FOR_SPEED     ; 5              ; Untyped                                           ;
; AUTO_CARRY_CHAINS      ; ON             ; AUTO_CARRY                                        ;
; IGNORE_CARRY_BUFFERS   ; OFF            ; IGNORE_CARRY                                      ;
; AUTO_CASCADE_CHAINS    ; ON             ; AUTO_CASCADE                                      ;
; IGNORE_CASCADE_BUFFERS ; OFF            ; IGNORE_CASCADE                                    ;
+------------------------+----------------+---------------------------------------------------+
Note: In order to hide this table in the UI and the text report file, please set the "Show Parameter Settings in Synthesis Report" option in "Analysis and Synthesis Settings -> More Settings" to "Off".


+---------------------------------------------------------------------------------------------+
; Parameter Settings for Inferred Entity Instance: seven_seg_decoder:displays|lpm_divide:Div1 ;
+------------------------+----------------+---------------------------------------------------+
; Parameter Name         ; Value          ; Type                                              ;
+------------------------+----------------+---------------------------------------------------+
; LPM_WIDTHN             ; 9              ; Untyped                                           ;
; LPM_WIDTHD             ; 5              ; Untyped                                           ;
; LPM_NREPRESENTATION    ; SIGNED         ; Untyped                                           ;
; LPM_DREPRESENTATION    ; SIGNED         ; Untyped                                           ;
; LPM_PIPELINE           ; 0              ; Untyped                                           ;
; LPM_REMAINDERPOSITIVE  ; FALSE          ; Untyped                                           ;
; MAXIMIZE_SPEED         ; 5              ; Untyped                                           ;
; CBXI_PARAMETER         ; lpm_divide_vno ; Untyped                                           ;
; CARRY_CHAIN            ; MANUAL         ; Untyped                                           ;
; OPTIMIZE_FOR_SPEED     ; 5              ; Untyped                                           ;
; AUTO_CARRY_CHAINS      ; ON             ; AUTO_CARRY                                        ;
; IGNORE_CARRY_BUFFERS   ; OFF            ; IGNORE_CARRY                                      ;
; AUTO_CASCADE_CHAINS    ; ON             ; AUTO_CASCADE                                      ;
; IGNORE_CASCADE_BUFFERS ; OFF            ; IGNORE_CASCADE                                    ;
+------------------------+----------------+---------------------------------------------------+
Note: In order to hide this table in the UI and the text report file, please set the "Show Parameter Settings in Synthesis Report" option in "Analysis and Synthesis Settings -> More Settings" to "Off".


+---------------------------------------------------------------------------------------------+
; Parameter Settings for Inferred Entity Instance: seven_seg_decoder:displays|lpm_divide:Mod2 ;
+------------------------+----------------+---------------------------------------------------+
; Parameter Name         ; Value          ; Type                                              ;
+------------------------+----------------+---------------------------------------------------+
; LPM_WIDTHN             ; 9              ; Untyped                                           ;
; LPM_WIDTHD             ; 5              ; Untyped                                           ;
; LPM_NREPRESENTATION    ; SIGNED         ; Untyped                                           ;
; LPM_DREPRESENTATION    ; SIGNED         ; Untyped                                           ;
; LPM_PIPELINE           ; 0              ; Untyped                                           ;
; LPM_REMAINDERPOSITIVE  ; FALSE          ; Untyped                                           ;
; MAXIMIZE_SPEED         ; 5              ; Untyped                                           ;
; CBXI_PARAMETER         ; lpm_divide_2go ; Untyped                                           ;
; CARRY_CHAIN            ; MANUAL         ; Untyped                                           ;
; OPTIMIZE_FOR_SPEED     ; 5              ; Untyped                                           ;
; AUTO_CARRY_CHAINS      ; ON             ; AUTO_CARRY                                        ;
; IGNORE_CARRY_BUFFERS   ; OFF            ; IGNORE_CARRY                                      ;
; AUTO_CASCADE_CHAINS    ; ON             ; AUTO_CASCADE                                      ;
; IGNORE_CASCADE_BUFFERS ; OFF            ; IGNORE_CASCADE                                    ;
+------------------------+----------------+---------------------------------------------------+
Note: In order to hide this table in the UI and the text report file, please set the "Show Parameter Settings in Synthesis Report" option in "Analysis and Synthesis Settings -> More Settings" to "Off".


+---------------------------------------------------------------------------------------------------------------------------------------------------------------------------------------------------------------+
; Port Connectivity Checks: "n_bit_multiplier:multiplier|n_bit_adder:loop3[2].adder1"                                                                                                                           ;
+---------+-------+----------+----------------------------------------------------------------------------------------------------------------------------------------------------------------------------------+
; Port    ; Type  ; Severity ; Details                                                                                                                                                                          ;
+---------+-------+----------+----------------------------------------------------------------------------------------------------------------------------------------------------------------------------------+
; A       ; Input ; Warning  ; Input port expression (8 bits) is wider than the input port (7 bits) it drives.  The 1 most-significant bit(s) in the expression will be dangling if they have no other fanouts. ;
; B[2..0] ; Input ; Info     ; Stuck at GND                                                                                                                                                                     ;
+---------+-------+----------+----------------------------------------------------------------------------------------------------------------------------------------------------------------------------------+


+----------------------------------------------------------------------------------------------------------------------------------------------------------------------------------------------------------------+
; Port Connectivity Checks: "n_bit_multiplier:multiplier|n_bit_adder:loop3[1].adder1"                                                                                                                            ;
+---------+--------+----------+----------------------------------------------------------------------------------------------------------------------------------------------------------------------------------+
; Port    ; Type   ; Severity ; Details                                                                                                                                                                          ;
+---------+--------+----------+----------------------------------------------------------------------------------------------------------------------------------------------------------------------------------+
; A       ; Input  ; Warning  ; Input port expression (8 bits) is wider than the input port (7 bits) it drives.  The 1 most-significant bit(s) in the expression will be dangling if they have no other fanouts. ;
; B[1..0] ; Input  ; Info     ; Stuck at GND                                                                                                                                                                     ;
; B[6]    ; Input  ; Info     ; Stuck at GND                                                                                                                                                                     ;
; S[7]    ; Output ; Info     ; Connected to dangling logic. Logic that only feeds a dangling port will be removed.                                                                                              ;
+---------+--------+----------+----------------------------------------------------------------------------------------------------------------------------------------------------------------------------------+


+------------------------------------------------------------------------------------------------------------+
; Port Connectivity Checks: "n_bit_multiplier:multiplier|n_bit_adder:loop3[0].adder1|full_adder:adder[0].u1" ;
+------+-------+----------+----------------------------------------------------------------------------------+
; Port ; Type  ; Severity ; Details                                                                          ;
+------+-------+----------+----------------------------------------------------------------------------------+
; Cin  ; Input ; Info     ; Stuck at GND                                                                     ;
+------+-------+----------+----------------------------------------------------------------------------------+


+----------------------------------------------------------------------------------------------------------------------------------------------------------------------------------------------------------------+
; Port Connectivity Checks: "n_bit_multiplier:multiplier|n_bit_adder:loop3[0].adder1"                                                                                                                            ;
+---------+--------+----------+----------------------------------------------------------------------------------------------------------------------------------------------------------------------------------+
; Port    ; Type   ; Severity ; Details                                                                                                                                                                          ;
+---------+--------+----------+----------------------------------------------------------------------------------------------------------------------------------------------------------------------------------+
; A       ; Input  ; Warning  ; Input port expression (8 bits) is wider than the input port (7 bits) it drives.  The 1 most-significant bit(s) in the expression will be dangling if they have no other fanouts. ;
; A[6..4] ; Input  ; Info     ; Stuck at GND                                                                                                                                                                     ;
; B[6..5] ; Input  ; Info     ; Stuck at GND                                                                                                                                                                     ;
; B[0]    ; Input  ; Info     ; Stuck at GND                                                                                                                                                                     ;
; S[7]    ; Output ; Info     ; Connected to dangling logic. Logic that only feeds a dangling port will be removed.                                                                                              ;
+---------+--------+----------+----------------------------------------------------------------------------------------------------------------------------------------------------------------------------------+


+----------------------------------------------------------------------------------------------------------------+
; Port Connectivity Checks: "n_bit_substractor:substractor|full_substractor:substractor[3].u1"                   ;
+------+--------+----------+-------------------------------------------------------------------------------------+
; Port ; Type   ; Severity ; Details                                                                             ;
+------+--------+----------+-------------------------------------------------------------------------------------+
; Bout ; Output ; Info     ; Connected to dangling logic. Logic that only feeds a dangling port will be removed. ;
+------+--------+----------+-------------------------------------------------------------------------------------+


+----------------------------------------------------------------------------------------------+
; Port Connectivity Checks: "n_bit_substractor:substractor|full_substractor:substractor[0].u1" ;
+------+-------+----------+--------------------------------------------------------------------+
; Port ; Type  ; Severity ; Details                                                            ;
+------+-------+----------+--------------------------------------------------------------------+
; Bin  ; Input ; Info     ; Stuck at GND                                                       ;
+------+-------+----------+--------------------------------------------------------------------+


+--------------------------------------------------------------------------------------------------------------------------------------------------------------------------------------------------+
; Port Connectivity Checks: "n_bit_substractor:substractor"                                                                                                                                        ;
+------+--------+----------+-----------------------------------------------------------------------------------------------------------------------------------------------------------------------+
; Port ; Type   ; Severity ; Details                                                                                                                                                               ;
+------+--------+----------+-----------------------------------------------------------------------------------------------------------------------------------------------------------------------+
; D    ; Output ; Warning  ; Output or bidir port (4 bits) is smaller than the port expression (5 bits) it drives.  The 1 most-significant bit(s) in the port expression will be connected to GND. ;
+------+--------+----------+-----------------------------------------------------------------------------------------------------------------------------------------------------------------------+


+----------------------------------------------------------------------+
; Port Connectivity Checks: "n_bit_adder:adder|full_adder:adder[0].u1" ;
+------+-------+----------+--------------------------------------------+
; Port ; Type  ; Severity ; Details                                    ;
+------+-------+----------+--------------------------------------------+
; Cin  ; Input ; Info     ; Stuck at GND                               ;
+------+-------+----------+--------------------------------------------+


+-----------------------------------------------------+
; Post-Synthesis Netlist Statistics for Top Partition ;
+-----------------------+-----------------------------+
; Type                  ; Count                       ;
+-----------------------+-----------------------------+
; arriav_ff             ; 17                          ;
;     CLR               ; 1                           ;
;     ENA               ; 8                           ;
;     ENA CLR           ; 8                           ;
; arriav_lcell_comb     ; 365                         ;
;     arith             ; 166                         ;
;         0 data inputs ; 42                          ;
;         1 data inputs ; 21                          ;
;         2 data inputs ; 14                          ;
;         3 data inputs ; 57                          ;
;         4 data inputs ; 32                          ;
;     extend            ; 2                           ;
;         7 data inputs ; 2                           ;
;     normal            ; 169                         ;
;         0 data inputs ; 1                           ;
;         1 data inputs ; 3                           ;
;         2 data inputs ; 48                          ;
;         3 data inputs ; 50                          ;
;         4 data inputs ; 27                          ;
;         5 data inputs ; 23                          ;
;         6 data inputs ; 17                          ;
;     shared            ; 28                          ;
;         0 data inputs ; 16                          ;
;         1 data inputs ; 12                          ;
; boundary_port         ; 38                          ;
;                       ;                             ;
; Max LUT depth         ; 16.70                       ;
; Average LUT depth     ; 12.53                       ;
+-----------------------+-----------------------------+


+-------------------------------+
; Elapsed Time Per Partition    ;
+----------------+--------------+
; Partition Name ; Elapsed Time ;
+----------------+--------------+
; Top            ; 00:00:01     ;
+----------------+--------------+


+-------------------------------+
; Analysis & Synthesis Messages ;
+-------------------------------+
Info: *******************************************************************
Info: Running Quartus Prime Analysis & Synthesis
    Info: Version 18.1.0 Build 625 09/12/2018 SJ Lite Edition
    Info: Processing started: Tue Mar 25 20:26:13 2025
Info: Command: quartus_map --read_settings_files=on --write_settings_files=off ALU -c ALU
Warning (18236): Number of processors has not been specified which may cause overloading on shared machines.  Set the global assignment NUM_PARALLEL_PROCESSORS in your QSF to an appropriate value for best performance.
Info (20030): Parallel compilation is enabled and will use 4 of the 4 processors detected
Info (12021): Found 1 design units, including 1 entities, in source file shiftrightnbits_tb.sv
    Info (12023): Found entity 1: ShiftRightNBits_tb File: C:/Users/eboli/Documents/Github/ejbm10_Striker2785_danyazunigab_digital_design_lab_2025/ShiftRightNBits_tb.sv Line: 2
Info (12021): Found 1 design units, including 1 entities, in source file shiftrightnbits.sv
    Info (12023): Found entity 1: ShiftRightNBits File: C:/Users/eboli/Documents/Github/ejbm10_Striker2785_danyazunigab_digital_design_lab_2025/ShiftRightNBits.sv Line: 1
Info (12021): Found 1 design units, including 1 entities, in source file shiftleftnbits_tb.sv
    Info (12023): Found entity 1: shiftLeftNbits_tb File: C:/Users/eboli/Documents/Github/ejbm10_Striker2785_danyazunigab_digital_design_lab_2025/ShiftLeftNBits_tb.sv Line: 2
Info (12021): Found 1 design units, including 1 entities, in source file shiftleftnbits.sv
    Info (12023): Found entity 1: shiftLeftNbits File: C:/Users/eboli/Documents/Github/ejbm10_Striker2785_danyazunigab_digital_design_lab_2025/ShiftLeftNBits.sv Line: 1
Info (12021): Found 1 design units, including 1 entities, in source file shift1bit.sv
    Info (12023): Found entity 1: shift1bit File: C:/Users/eboli/Documents/Github/ejbm10_Striker2785_danyazunigab_digital_design_lab_2025/Shift1Bit.sv Line: 1
Info (12021): Found 1 design units, including 1 entities, in source file full_adder.sv
    Info (12023): Found entity 1: full_adder File: C:/Users/eboli/Documents/Github/ejbm10_Striker2785_danyazunigab_digital_design_lab_2025/full_adder.sv Line: 1
Info (12021): Found 1 design units, including 1 entities, in source file tb.sv
    Info (12023): Found entity 1: tb File: C:/Users/eboli/Documents/Github/ejbm10_Striker2785_danyazunigab_digital_design_lab_2025/tb.sv Line: 1
Info (12021): Found 1 design units, including 1 entities, in source file full_substractor.sv
    Info (12023): Found entity 1: full_substractor File: C:/Users/eboli/Documents/Github/ejbm10_Striker2785_danyazunigab_digital_design_lab_2025/full_substractor.sv Line: 1
Info (12021): Found 1 design units, including 1 entities, in source file n_bit_adder.sv
    Info (12023): Found entity 1: n_bit_adder File: C:/Users/eboli/Documents/Github/ejbm10_Striker2785_danyazunigab_digital_design_lab_2025/n_bit_adder.sv Line: 1
Info (12021): Found 1 design units, including 1 entities, in source file n_bit_substractor.sv
    Info (12023): Found entity 1: n_bit_substractor File: C:/Users/eboli/Documents/Github/ejbm10_Striker2785_danyazunigab_digital_design_lab_2025/n_bit_substractor.sv Line: 1
Info (12021): Found 1 design units, including 1 entities, in source file alu.sv
    Info (12023): Found entity 1: ALU File: C:/Users/eboli/Documents/Github/ejbm10_Striker2785_danyazunigab_digital_design_lab_2025/ALU.sv Line: 1
Info (12021): Found 1 design units, including 1 entities, in source file seven_seg_decoder.sv
    Info (12023): Found entity 1: seven_seg_decoder File: C:/Users/eboli/Documents/Github/ejbm10_Striker2785_danyazunigab_digital_design_lab_2025/seven_seg_decoder.sv Line: 1
Info (12021): Found 1 design units, including 1 entities, in source file n_bit_and.sv
    Info (12023): Found entity 1: n_bit_and File: C:/Users/eboli/Documents/Github/ejbm10_Striker2785_danyazunigab_digital_design_lab_2025/n_bit_and.sv Line: 1
Info (12021): Found 1 design units, including 1 entities, in source file n_bit_multiplier.sv
    Info (12023): Found entity 1: n_bit_multiplier File: C:/Users/eboli/Documents/Github/ejbm10_Striker2785_danyazunigab_digital_design_lab_2025/n_bit_multiplier.sv Line: 1
Info (12127): Elaborating entity "ALU" for the top level hierarchy
Warning (10858): Verilog HDL warning at ALU.sv(23): object div_result used but never assigned File: C:/Users/eboli/Documents/Github/ejbm10_Striker2785_danyazunigab_digital_design_lab_2025/ALU.sv Line: 23
Warning (10858): Verilog HDL warning at ALU.sv(24): object mod_result used but never assigned File: C:/Users/eboli/Documents/Github/ejbm10_Striker2785_danyazunigab_digital_design_lab_2025/ALU.sv Line: 24
Warning (10858): Verilog HDL warning at ALU.sv(26): object or_result used but never assigned File: C:/Users/eboli/Documents/Github/ejbm10_Striker2785_danyazunigab_digital_design_lab_2025/ALU.sv Line: 26
Warning (10858): Verilog HDL warning at ALU.sv(27): object xor_result used but never assigned File: C:/Users/eboli/Documents/Github/ejbm10_Striker2785_danyazunigab_digital_design_lab_2025/ALU.sv Line: 27
Warning (10858): Verilog HDL warning at ALU.sv(28): object shift_right used but never assigned File: C:/Users/eboli/Documents/Github/ejbm10_Striker2785_danyazunigab_digital_design_lab_2025/ALU.sv Line: 28
Warning (10858): Verilog HDL warning at ALU.sv(29): object shift_left used but never assigned File: C:/Users/eboli/Documents/Github/ejbm10_Striker2785_danyazunigab_digital_design_lab_2025/ALU.sv Line: 29
Warning (10030): Net "div_result" at ALU.sv(23) has no driver or initial value, using a default initial value '0' File: C:/Users/eboli/Documents/Github/ejbm10_Striker2785_danyazunigab_digital_design_lab_2025/ALU.sv Line: 23
Warning (10030): Net "mod_result" at ALU.sv(24) has no driver or initial value, using a default initial value '0' File: C:/Users/eboli/Documents/Github/ejbm10_Striker2785_danyazunigab_digital_design_lab_2025/ALU.sv Line: 24
Warning (10030): Net "or_result" at ALU.sv(26) has no driver or initial value, using a default initial value '0' File: C:/Users/eboli/Documents/Github/ejbm10_Striker2785_danyazunigab_digital_design_lab_2025/ALU.sv Line: 26
Warning (10030): Net "xor_result" at ALU.sv(27) has no driver or initial value, using a default initial value '0' File: C:/Users/eboli/Documents/Github/ejbm10_Striker2785_danyazunigab_digital_design_lab_2025/ALU.sv Line: 27
Warning (10030): Net "shift_right" at ALU.sv(28) has no driver or initial value, using a default initial value '0' File: C:/Users/eboli/Documents/Github/ejbm10_Striker2785_danyazunigab_digital_design_lab_2025/ALU.sv Line: 28
Warning (10030): Net "shift_left" at ALU.sv(29) has no driver or initial value, using a default initial value '0' File: C:/Users/eboli/Documents/Github/ejbm10_Striker2785_danyazunigab_digital_design_lab_2025/ALU.sv Line: 29
Warning (10034): Output port "flags" at ALU.sv(16) has no driver File: C:/Users/eboli/Documents/Github/ejbm10_Striker2785_danyazunigab_digital_design_lab_2025/ALU.sv Line: 16
Info (12128): Elaborating entity "n_bit_adder" for hierarchy "n_bit_adder:adder" File: C:/Users/eboli/Documents/Github/ejbm10_Striker2785_danyazunigab_digital_design_lab_2025/ALU.sv Line: 37
Info (12128): Elaborating entity "full_adder" for hierarchy "n_bit_adder:adder|full_adder:adder[0].u1" File: C:/Users/eboli/Documents/Github/ejbm10_Striker2785_danyazunigab_digital_design_lab_2025/n_bit_adder.sv Line: 19
Info (12128): Elaborating entity "n_bit_substractor" for hierarchy "n_bit_substractor:substractor" File: C:/Users/eboli/Documents/Github/ejbm10_Striker2785_danyazunigab_digital_design_lab_2025/ALU.sv Line: 43
Info (12128): Elaborating entity "full_substractor" for hierarchy "n_bit_substractor:substractor|full_substractor:substractor[0].u1" File: C:/Users/eboli/Documents/Github/ejbm10_Striker2785_danyazunigab_digital_design_lab_2025/n_bit_substractor.sv Line: 19
Warning (10036): Verilog HDL or VHDL warning at full_substractor.sv(11): object "negB" assigned a value but never read File: C:/Users/eboli/Documents/Github/ejbm10_Striker2785_danyazunigab_digital_design_lab_2025/full_substractor.sv Line: 11
Info (12128): Elaborating entity "n_bit_multiplier" for hierarchy "n_bit_multiplier:multiplier" File: C:/Users/eboli/Documents/Github/ejbm10_Striker2785_danyazunigab_digital_design_lab_2025/ALU.sv Line: 49
Info (12128): Elaborating entity "n_bit_adder" for hierarchy "n_bit_multiplier:multiplier|n_bit_adder:loop3[0].adder1" File: C:/Users/eboli/Documents/Github/ejbm10_Striker2785_danyazunigab_digital_design_lab_2025/n_bit_multiplier.sv Line: 29
Info (12128): Elaborating entity "n_bit_and" for hierarchy "n_bit_and:andd" File: C:/Users/eboli/Documents/Github/ejbm10_Striker2785_danyazunigab_digital_design_lab_2025/ALU.sv Line: 55
Info (12128): Elaborating entity "seven_seg_decoder" for hierarchy "seven_seg_decoder:displays" File: C:/Users/eboli/Documents/Github/ejbm10_Striker2785_danyazunigab_digital_design_lab_2025/ALU.sv Line: 62
Warning (10230): Verilog HDL assignment warning at seven_seg_decoder.sv(14): truncated value with size 32 to match size of target (4) File: C:/Users/eboli/Documents/Github/ejbm10_Striker2785_danyazunigab_digital_design_lab_2025/seven_seg_decoder.sv Line: 14
Warning (10230): Verilog HDL assignment warning at seven_seg_decoder.sv(17): truncated value with size 32 to match size of target (4) File: C:/Users/eboli/Documents/Github/ejbm10_Striker2785_danyazunigab_digital_design_lab_2025/seven_seg_decoder.sv Line: 17
Warning (10230): Verilog HDL assignment warning at seven_seg_decoder.sv(20): truncated value with size 32 to match size of target (4) File: C:/Users/eboli/Documents/Github/ejbm10_Striker2785_danyazunigab_digital_design_lab_2025/seven_seg_decoder.sv Line: 20
Info (278001): Inferred 5 megafunctions from design logic
    Info (278004): Inferred divider/modulo megafunction ("lpm_divide") from the following logic: "seven_seg_decoder:displays|Mod0" File: C:/Users/eboli/Documents/Github/ejbm10_Striker2785_danyazunigab_digital_design_lab_2025/seven_seg_decoder.sv Line: 14
    Info (278004): Inferred divider/modulo megafunction ("lpm_divide") from the following logic: "seven_seg_decoder:displays|Div0" File: C:/Users/eboli/Documents/Github/ejbm10_Striker2785_danyazunigab_digital_design_lab_2025/seven_seg_decoder.sv Line: 15
    Info (278004): Inferred divider/modulo megafunction ("lpm_divide") from the following logic: "seven_seg_decoder:displays|Mod1" File: C:/Users/eboli/Documents/Github/ejbm10_Striker2785_danyazunigab_digital_design_lab_2025/seven_seg_decoder.sv Line: 17
    Info (278004): Inferred divider/modulo megafunction ("lpm_divide") from the following logic: "seven_seg_decoder:displays|Div1" File: C:/Users/eboli/Documents/Github/ejbm10_Striker2785_danyazunigab_digital_design_lab_2025/seven_seg_decoder.sv Line: 18
    Info (278004): Inferred divider/modulo megafunction ("lpm_divide") from the following logic: "seven_seg_decoder:displays|Mod2" File: C:/Users/eboli/Documents/Github/ejbm10_Striker2785_danyazunigab_digital_design_lab_2025/seven_seg_decoder.sv Line: 20
Info (12130): Elaborated megafunction instantiation "seven_seg_decoder:displays|lpm_divide:Mod0" File: C:/Users/eboli/Documents/Github/ejbm10_Striker2785_danyazunigab_digital_design_lab_2025/seven_seg_decoder.sv Line: 14
Info (12133): Instantiated megafunction "seven_seg_decoder:displays|lpm_divide:Mod0" with the following parameter: File: C:/Users/eboli/Documents/Github/ejbm10_Striker2785_danyazunigab_digital_design_lab_2025/seven_seg_decoder.sv Line: 14
    Info (12134): Parameter "LPM_WIDTHN" = "9"
    Info (12134): Parameter "LPM_WIDTHD" = "5"
    Info (12134): Parameter "LPM_NREPRESENTATION" = "SIGNED"
    Info (12134): Parameter "LPM_DREPRESENTATION" = "SIGNED"
    Info (12134): Parameter "LPM_HINT" = "LPM_REMAINDERPOSITIVE=FALSE"
Info (12021): Found 1 design units, including 1 entities, in source file db/lpm_divide_2go.tdf
    Info (12023): Found entity 1: lpm_divide_2go File: C:/Users/eboli/Documents/Github/ejbm10_Striker2785_danyazunigab_digital_design_lab_2025/db/lpm_divide_2go.tdf Line: 24
Info (12021): Found 1 design units, including 1 entities, in source file db/abs_divider_8ag.tdf
    Info (12023): Found entity 1: abs_divider_8ag File: C:/Users/eboli/Documents/Github/ejbm10_Striker2785_danyazunigab_digital_design_lab_2025/db/abs_divider_8ag.tdf Line: 28
Info (12021): Found 1 design units, including 1 entities, in source file db/alt_u_div_0te.tdf
    Info (12023): Found entity 1: alt_u_div_0te File: C:/Users/eboli/Documents/Github/ejbm10_Striker2785_danyazunigab_digital_design_lab_2025/db/alt_u_div_0te.tdf Line: 22
Info (12021): Found 1 design units, including 1 entities, in source file db/lpm_abs_kn9.tdf
    Info (12023): Found entity 1: lpm_abs_kn9 File: C:/Users/eboli/Documents/Github/ejbm10_Striker2785_danyazunigab_digital_design_lab_2025/db/lpm_abs_kn9.tdf Line: 22
Info (12021): Found 1 design units, including 1 entities, in source file db/lpm_abs_on9.tdf
    Info (12023): Found entity 1: lpm_abs_on9 File: C:/Users/eboli/Documents/Github/ejbm10_Striker2785_danyazunigab_digital_design_lab_2025/db/lpm_abs_on9.tdf Line: 22
Info (12130): Elaborated megafunction instantiation "seven_seg_decoder:displays|lpm_divide:Div0" File: C:/Users/eboli/Documents/Github/ejbm10_Striker2785_danyazunigab_digital_design_lab_2025/seven_seg_decoder.sv Line: 15
Info (12133): Instantiated megafunction "seven_seg_decoder:displays|lpm_divide:Div0" with the following parameter: File: C:/Users/eboli/Documents/Github/ejbm10_Striker2785_danyazunigab_digital_design_lab_2025/seven_seg_decoder.sv Line: 15
    Info (12134): Parameter "LPM_WIDTHN" = "9"
    Info (12134): Parameter "LPM_WIDTHD" = "5"
    Info (12134): Parameter "LPM_NREPRESENTATION" = "SIGNED"
    Info (12134): Parameter "LPM_DREPRESENTATION" = "SIGNED"
    Info (12134): Parameter "LPM_HINT" = "LPM_REMAINDERPOSITIVE=FALSE"
Info (12021): Found 1 design units, including 1 entities, in source file db/lpm_divide_vno.tdf
    Info (12023): Found entity 1: lpm_divide_vno File: C:/Users/eboli/Documents/Github/ejbm10_Striker2785_danyazunigab_digital_design_lab_2025/db/lpm_divide_vno.tdf Line: 24
Info (12130): Elaborated megafunction instantiation "seven_seg_decoder:displays|lpm_divide:Mod1" File: C:/Users/eboli/Documents/Github/ejbm10_Striker2785_danyazunigab_digital_design_lab_2025/seven_seg_decoder.sv Line: 17
Info (12133): Instantiated megafunction "seven_seg_decoder:displays|lpm_divide:Mod1" with the following parameter: File: C:/Users/eboli/Documents/Github/ejbm10_Striker2785_danyazunigab_digital_design_lab_2025/seven_seg_decoder.sv Line: 17
    Info (12134): Parameter "LPM_WIDTHN" = "9"
    Info (12134): Parameter "LPM_WIDTHD" = "5"
    Info (12134): Parameter "LPM_NREPRESENTATION" = "SIGNED"
    Info (12134): Parameter "LPM_DREPRESENTATION" = "SIGNED"
    Info (12134): Parameter "LPM_HINT" = "LPM_REMAINDERPOSITIVE=FALSE"
Info (12130): Elaborated megafunction instantiation "seven_seg_decoder:displays|lpm_divide:Div1" File: C:/Users/eboli/Documents/Github/ejbm10_Striker2785_danyazunigab_digital_design_lab_2025/seven_seg_decoder.sv Line: 18
Info (12133): Instantiated megafunction "seven_seg_decoder:displays|lpm_divide:Div1" with the following parameter: File: C:/Users/eboli/Documents/Github/ejbm10_Striker2785_danyazunigab_digital_design_lab_2025/seven_seg_decoder.sv Line: 18
    Info (12134): Parameter "LPM_WIDTHN" = "9"
    Info (12134): Parameter "LPM_WIDTHD" = "5"
    Info (12134): Parameter "LPM_NREPRESENTATION" = "SIGNED"
    Info (12134): Parameter "LPM_DREPRESENTATION" = "SIGNED"
    Info (12134): Parameter "LPM_HINT" = "LPM_REMAINDERPOSITIVE=FALSE"
Warning (12241): 4 hierarchies have connectivity warnings - see the Connectivity Checks report folder
Warning (13024): Output pins are stuck at VCC or GND
    Warning (13410): Pin "flags[0]" is stuck at GND File: C:/Users/eboli/Documents/Github/ejbm10_Striker2785_danyazunigab_digital_design_lab_2025/ALU.sv Line: 16
    Warning (13410): Pin "flags[1]" is stuck at GND File: C:/Users/eboli/Documents/Github/ejbm10_Striker2785_danyazunigab_digital_design_lab_2025/ALU.sv Line: 16
    Warning (13410): Pin "flags[2]" is stuck at GND File: C:/Users/eboli/Documents/Github/ejbm10_Striker2785_danyazunigab_digital_design_lab_2025/ALU.sv Line: 16
    Warning (13410): Pin "flags[3]" is stuck at GND File: C:/Users/eboli/Documents/Github/ejbm10_Striker2785_danyazunigab_digital_design_lab_2025/ALU.sv Line: 16
Info (286030): Timing-Driven Synthesis is running
Info (144001): Generated suppressed messages file C:/Users/eboli/Documents/Github/ejbm10_Striker2785_danyazunigab_digital_design_lab_2025/output_files/ALU.map.smsg
Info (16010): Generating hard_block partition "hard_block:auto_generated_inst"
    Info (16011): Adding 0 node(s), including 0 DDIO, 0 PLL, 0 transceiver and 0 LCELL
Info (21057): Implemented 407 device resources after synthesis - the final resource count might be different
    Info (21058): Implemented 13 input pins
    Info (21059): Implemented 25 output pins
    Info (21061): Implemented 369 logic cells
Info: Quartus Prime Analysis & Synthesis was successful. 0 errors, 24 warnings
    Info: Peak virtual memory: 4842 megabytes
    Info: Processing ended: Tue Mar 25 20:26:27 2025
    Info: Elapsed time: 00:00:14
    Info: Total CPU time (on all processors): 00:00:29


+------------------------------------------+
; Analysis & Synthesis Suppressed Messages ;
+------------------------------------------+
The suppressed messages can be found in C:/Users/eboli/Documents/Github/ejbm10_Striker2785_danyazunigab_digital_design_lab_2025/output_files/ALU.map.smsg.


