------------------------------------------------------------
Timing Analyzer Summary
------------------------------------------------------------

Type  : Slow 1100mV 85C Model Setup 'clk'
Slack : -2.182
TNS   : -14.806

Type  : Slow 1100mV 85C Model Hold 'clk'
Slack : 0.394
TNS   : 0.000

Type  : Slow 1100mV 85C Model Minimum Pulse Width 'clk'
Slack : -0.394
TNS   : -8.982

Type  : Slow 1100mV 0C Model Setup 'clk'
Slack : -2.234
TNS   : -14.891

Type  : Slow 1100mV 0C Model Hold 'clk'
Slack : 0.409
TNS   : 0.000

Type  : Slow 1100mV 0C Model Minimum Pulse Width 'clk'
Slack : -0.394
TNS   : -9.575

Type  : Fast 1100mV 85C Model Setup 'clk'
Slack : -0.794
TNS   : -4.840

Type  : Fast 1100mV 85C Model Hold 'clk'
Slack : 0.190
TNS   : 0.000

Type  : Fast 1100mV 85C Model Minimum Pulse Width 'clk'
Slack : -0.095
TNS   : -1.581

Type  : Fast 1100mV 0C Model Setup 'clk'
Slack : -0.675
TNS   : -3.991

Type  : Fast 1100mV 0C Model Hold 'clk'
Slack : 0.181
TNS   : 0.000

Type  : Fast 1100mV 0C Model Minimum Pulse Width 'clk'
Slack : -0.092
TNS   : -1.537

------------------------------------------------------------
